Looking in links: /tmp/wms-offline-final-97d4c51/bundle/wheels
Processing /tmp/wms-offline-final-97d4c51/bundle/wms_lan-0.1.0-py3-none-any.whl
Processing /tmp/wms-offline-final-97d4c51/bundle/wheels/annotated_doc-0.0.5-py3-none-any.whl (from -r /tmp/wms-offline-final-97d4c51/bundle/requirements-app-lock.txt (line 1))
Processing /tmp/wms-offline-final-97d4c51/bundle/wheels/annotated_types-0.8.0-py3-none-any.whl (from -r /tmp/wms-offline-final-97d4c51/bundle/requirements-app-lock.txt (line 2))
Processing /tmp/wms-offline-final-97d4c51/bundle/wheels/anyio-4.15.1-py3-none-any.whl (from -r /tmp/wms-offline-final-97d4c51/bundle/requirements-app-lock.txt (line 3))
Processing /tmp/wms-offline-final-97d4c51/bundle/wheels/argon2_cffi-25.1.0-py3-none-any.whl (from -r /tmp/wms-offline-final-97d4c51/bundle/requirements-app-lock.txt (line 4))
Processing /tmp/wms-offline-final-97d4c51/bundle/wheels/argon2_cffi_bindings-26.1.0-cp310-abi3-manylinux_2_26_x86_64.manylinux_2_28_x86_64.whl (from -r /tmp/wms-offline-final-97d4c51/bundle/requirements-app-lock.txt (line 5))
Processing /tmp/wms-offline-final-97d4c51/bundle/wheels/attrs-26.1.0-py3-none-any.whl (from -r /tmp/wms-offline-final-97d4c51/bundle/requirements-app-lock.txt (line 6))
Processing /tmp/wms-offline-final-97d4c51/bundle/wheels/build-1.6.1-py3-none-any.whl (from -r /tmp/wms-offline-final-97d4c51/bundle/requirements-app-lock.txt (line 7))
Processing /tmp/wms-offline-final-97d4c51/bundle/wheels/certifi-2026.7.22-py3-none-any.whl (from -r /tmp/wms-offline-final-97d4c51/bundle/requirements-app-lock.txt (line 8))
Processing /tmp/wms-offline-final-97d4c51/bundle/wheels/cffi-2.1.1-cp312-cp312-manylinux2014_x86_64.manylinux_2_17_x86_64.whl (from -r /tmp/wms-offline-final-97d4c51/bundle/requirements-app-lock.txt (line 9))
Processing /tmp/wms-offline-final-97d4c51/bundle/wheels/click-8.5.0-py3-none-any.whl (from -r /tmp/wms-offline-final-97d4c51/bundle/requirements-app-lock.txt (line 10))
Processing /tmp/wms-offline-final-97d4c51/bundle/wheels/cryptography-50.0.2-cp311-abi3-manylinux_2_34_x86_64.whl (from -r /tmp/wms-offline-final-97d4c51/bundle/requirements-app-lock.txt (line 11))
Processing /tmp/wms-offline-final-97d4c51/bundle/wheels/fastapi-0.142.2-py3-none-any.whl (from -r /tmp/wms-offline-final-97d4c51/bundle/requirements-app-lock.txt (line 12))
Processing /tmp/wms-offline-final-97d4c51/bundle/wheels/greenlet-3.5.6-cp312-cp312-manylinux_2_24_x86_64.manylinux_2_28_x86_64.whl (from -r /tmp/wms-offline-final-97d4c51/bundle/requirements-app-lock.txt (line 13))
Processing /tmp/wms-offline-final-97d4c51/bundle/wheels/h11-0.16.0-py3-none-any.whl (from -r /tmp/wms-offline-final-97d4c51/bundle/requirements-app-lock.txt (line 14))
Processing /tmp/wms-offline-final-97d4c51/bundle/wheels/httpcore-1.0.9-py3-none-any.whl (from -r /tmp/wms-offline-final-97d4c51/bundle/requirements-app-lock.txt (line 15))
Processing /tmp/wms-offline-final-97d4c51/bundle/wheels/httpx-0.28.1-py3-none-any.whl (from -r /tmp/wms-offline-final-97d4c51/bundle/requirements-app-lock.txt (line 16))
Processing /tmp/wms-offline-final-97d4c51/bundle/wheels/idna-3.20-py3-none-any.whl (from -r /tmp/wms-offline-final-97d4c51/bundle/requirements-app-lock.txt (line 17))
Processing /tmp/wms-offline-final-97d4c51/bundle/wheels/iniconfig-2.3.0-py3-none-any.whl (from -r /tmp/wms-offline-final-97d4c51/bundle/requirements-app-lock.txt (line 18))
Processing /tmp/wms-offline-final-97d4c51/bundle/wheels/jsonschema-4.26.0-py3-none-any.whl (from -r /tmp/wms-offline-final-97d4c51/bundle/requirements-app-lock.txt (line 19))
Processing /tmp/wms-offline-final-97d4c51/bundle/wheels/jsonschema_path-0.5.0-py3-none-any.whl (from -r /tmp/wms-offline-final-97d4c51/bundle/requirements-app-lock.txt (line 20))
Processing /tmp/wms-offline-final-97d4c51/bundle/wheels/jsonschema_specifications-2025.9.1-py3-none-any.whl (from -r /tmp/wms-offline-final-97d4c51/bundle/requirements-app-lock.txt (line 21))
Processing /tmp/wms-offline-final-97d4c51/bundle/wheels/lazy_object_proxy-1.12.0-cp312-cp312-manylinux1_x86_64.manylinux_2_28_x86_64.manylinux_2_5_x86_64.whl (from -r /tmp/wms-offline-final-97d4c51/bundle/requirements-app-lock.txt (line 22))
Processing /tmp/wms-offline-final-97d4c51/bundle/wheels/openapi_schema_validator-0.9.0-py3-none-any.whl (from -r /tmp/wms-offline-final-97d4c51/bundle/requirements-app-lock.txt (line 23))
Processing /tmp/wms-offline-final-97d4c51/bundle/wheels/openapi_spec_validator-0.9.0-py3-none-any.whl (from -r /tmp/wms-offline-final-97d4c51/bundle/requirements-app-lock.txt (line 24))
Processing /tmp/wms-offline-final-97d4c51/bundle/wheels/opentelemetry_api-1.45.0-py3-none-any.whl (from -r /tmp/wms-offline-final-97d4c51/bundle/requirements-app-lock.txt (line 25))
Processing /tmp/wms-offline-final-97d4c51/bundle/wheels/packaging-26.3-py3-none-any.whl (from -r /tmp/wms-offline-final-97d4c51/bundle/requirements-app-lock.txt (line 26))
Processing /tmp/wms-offline-final-97d4c51/bundle/wheels/pathable-0.6.0-py3-none-any.whl (from -r /tmp/wms-offline-final-97d4c51/bundle/requirements-app-lock.txt (line 27))
Processing /tmp/wms-offline-final-97d4c51/bundle/wheels/pluggy-1.6.0-py3-none-any.whl (from -r /tmp/wms-offline-final-97d4c51/bundle/requirements-app-lock.txt (line 28))
Processing /tmp/wms-offline-final-97d4c51/bundle/wheels/psycopg-3.3.6-py3-none-any.whl (from -r /tmp/wms-offline-final-97d4c51/bundle/requirements-app-lock.txt (line 29))
Processing /tmp/wms-offline-final-97d4c51/bundle/wheels/psycopg_binary-3.3.6-cp312-cp312-manylinux2014_x86_64.manylinux_2_17_x86_64.whl (from -r /tmp/wms-offline-final-97d4c51/bundle/requirements-app-lock.txt (line 30))
Processing /tmp/wms-offline-final-97d4c51/bundle/wheels/pycparser-3.0-py3-none-any.whl (from -r /tmp/wms-offline-final-97d4c51/bundle/requirements-app-lock.txt (line 31))
Processing /tmp/wms-offline-final-97d4c51/bundle/wheels/pydantic-2.13.5-py3-none-any.whl (from -r /tmp/wms-offline-final-97d4c51/bundle/requirements-app-lock.txt (line 32))
Processing /tmp/wms-offline-final-97d4c51/bundle/wheels/pydantic_settings-2.15.0-py3-none-any.whl (from -r /tmp/wms-offline-final-97d4c51/bundle/requirements-app-lock.txt (line 33))
Processing /tmp/wms-offline-final-97d4c51/bundle/wheels/pydantic_core-2.46.5-cp312-cp312-manylinux_2_17_x86_64.manylinux2014_x86_64.whl (from -r /tmp/wms-offline-final-97d4c51/bundle/requirements-app-lock.txt (line 34))
Processing /tmp/wms-offline-final-97d4c51/bundle/wheels/pygments-2.21.0-py3-none-any.whl (from -r /tmp/wms-offline-final-97d4c51/bundle/requirements-app-lock.txt (line 35))
Processing /tmp/wms-offline-final-97d4c51/bundle/wheels/pyotp-2.10.0-py3-none-any.whl (from -r /tmp/wms-offline-final-97d4c51/bundle/requirements-app-lock.txt (line 36))
Processing /tmp/wms-offline-final-97d4c51/bundle/wheels/pyproject_hooks-1.3.3-py3-none-any.whl (from -r /tmp/wms-offline-final-97d4c51/bundle/requirements-app-lock.txt (line 37))
Processing /tmp/wms-offline-final-97d4c51/bundle/wheels/pytest-9.1.1-py3-none-any.whl (from -r /tmp/wms-offline-final-97d4c51/bundle/requirements-app-lock.txt (line 38))
Processing /tmp/wms-offline-final-97d4c51/bundle/wheels/python_dotenv-1.2.3-py3-none-any.whl (from -r /tmp/wms-offline-final-97d4c51/bundle/requirements-app-lock.txt (line 39))
Processing /tmp/wms-offline-final-97d4c51/bundle/wheels/pyyaml-6.0.3-cp312-cp312-manylinux2014_x86_64.manylinux_2_17_x86_64.manylinux_2_28_x86_64.whl (from -r /tmp/wms-offline-final-97d4c51/bundle/requirements-app-lock.txt (line 40))
Processing /tmp/wms-offline-final-97d4c51/bundle/wheels/referencing-0.37.0-py3-none-any.whl (from -r /tmp/wms-offline-final-97d4c51/bundle/requirements-app-lock.txt (line 41))
Processing /tmp/wms-offline-final-97d4c51/bundle/wheels/rfc3339_validator-0.1.4-py2.py3-none-any.whl (from -r /tmp/wms-offline-final-97d4c51/bundle/requirements-app-lock.txt (line 42))
Processing /tmp/wms-offline-final-97d4c51/bundle/wheels/rpds_py-2026.6.3-cp312-cp312-manylinux_2_17_x86_64.manylinux2014_x86_64.whl (from -r /tmp/wms-offline-final-97d4c51/bundle/requirements-app-lock.txt (line 43))
Processing /tmp/wms-offline-final-97d4c51/bundle/wheels/ruff-0.16.10-py3-none-manylinux_2_17_x86_64.manylinux2014_x86_64.whl (from -r /tmp/wms-offline-final-97d4c51/bundle/requirements-app-lock.txt (line 44))
Processing /tmp/wms-offline-final-97d4c51/bundle/wheels/setuptools-84.0.0-py3-none-any.whl (from -r /tmp/wms-offline-final-97d4c51/bundle/requirements-app-lock.txt (line 45))
Processing /tmp/wms-offline-final-97d4c51/bundle/wheels/six-1.17.0-py2.py3-none-any.whl (from -r /tmp/wms-offline-final-97d4c51/bundle/requirements-app-lock.txt (line 46))
Processing /tmp/wms-offline-final-97d4c51/bundle/wheels/sqlalchemy-2.0.54-cp312-cp312-manylinux2014_x86_64.manylinux_2_17_x86_64.manylinux_2_28_x86_64.whl (from -r /tmp/wms-offline-final-97d4c51/bundle/requirements-app-lock.txt (line 47))
Processing /tmp/wms-offline-final-97d4c51/bundle/wheels/starlette-1.7.0-py3-none-any.whl (from -r /tmp/wms-offline-final-97d4c51/bundle/requirements-app-lock.txt (line 48))
Processing /tmp/wms-offline-final-97d4c51/bundle/wheels/typing_inspection-0.4.4-py3-none-any.whl (from -r /tmp/wms-offline-final-97d4c51/bundle/requirements-app-lock.txt (line 49))
Processing /tmp/wms-offline-final-97d4c51/bundle/wheels/typing_extensions-4.16.0-py3-none-any.whl (from -r /tmp/wms-offline-final-97d4c51/bundle/requirements-app-lock.txt (line 50))
Processing /tmp/wms-offline-final-97d4c51/bundle/wheels/uvicorn-0.54.0-py3-none-any.whl (from -r /tmp/wms-offline-final-97d4c51/bundle/requirements-app-lock.txt (line 51))
Processing /tmp/wms-offline-final-97d4c51/bundle/wheels/wheel-0.48.0-py3-none-any.whl (from -r /tmp/wms-offline-final-97d4c51/bundle/requirements-app-lock.txt (line 52))
Processing /tmp/wms-offline-final-97d4c51/bundle/wheels/tzdata-2026.4-py2.py3-none-any.whl (from -r /tmp/wms-offline-final-97d4c51/bundle/requirements-app-lock.txt (line 53))
Processing /tmp/wms-offline-final-97d4c51/bundle/wheels/reportlab-5.0.1-py3-none-any.whl (from -r /tmp/wms-offline-final-97d4c51/bundle/requirements-app-lock.txt (line 54))
Processing /tmp/wms-offline-final-97d4c51/bundle/wheels/charset_normalizer-3.5.2-cp312-cp312-manylinux2014_x86_64.manylinux_2_17_x86_64.manylinux_2_28_x86_64.whl (from -r /tmp/wms-offline-final-97d4c51/bundle/requirements-app-lock.txt (line 55))
Processing /tmp/wms-offline-final-97d4c51/bundle/wheels/pillow-12.3.0-cp312-cp312-manylinux_2_27_x86_64.manylinux_2_28_x86_64.whl (from -r /tmp/wms-offline-final-97d4c51/bundle/requirements-app-lock.txt (line 56))
Processing /tmp/wms-offline-final-97d4c51/bundle/wheels/pypdfium2-5.14.0-py3-none-manylinux_2_17_x86_64.manylinux2014_x86_64.whl (from -r /tmp/wms-offline-final-97d4c51/bundle/requirements-app-lock.txt (line 57))
Processing /tmp/wms-offline-final-97d4c51/bundle/wheels/zxing_cpp-3.1.1-cp312-abi3-manylinux_2_27_x86_64.manylinux_2_28_x86_64.whl (from -r /tmp/wms-offline-final-97d4c51/bundle/requirements-app-lock.txt (line 58))
Installing collected packages: zxing-cpp, tzdata, typing_extensions, six, setuptools, ruff, rpds-py, PyYAML, python-dotenv, pyproject_hooks, pypdfium2, PyOTP, Pygments, pycparser, psycopg-binary, pluggy, pillow, pathable, packaging, lazy-object-proxy, iniconfig, idna, h11, greenlet, click, charset-normalizer, certifi, attrs, annotated-types, annotated-doc, wheel, uvicorn, typing-inspection, SQLAlchemy, rfc3339-validator, reportlab, referencing, pytest, pydantic_core, psycopg, opentelemetry-api, httpcore, cffi, build, anyio, starlette, pydantic, jsonschema-specifications, jsonschema-path, httpx, cryptography, argon2-cffi-bindings, pydantic-settings, jsonschema, fastapi, argon2-cffi, wms-lan, openapi-schema-validator, openapi-spec-validator
Successfully installed PyOTP-2.10.0 PyYAML-6.0.3 Pygments-2.21.0 SQLAlchemy-2.0.54 annotated-doc-0.0.5 annotated-types-0.8.0 anyio-4.15.1 argon2-cffi-25.1.0 argon2-cffi-bindings-26.1.0 attrs-26.1.0 build-1.6.1 certifi-2026.7.22 cffi-2.1.1 charset-normalizer-3.5.2 click-8.5.0 cryptography-50.0.2 fastapi-0.142.2 greenlet-3.5.6 h11-0.16.0 httpcore-1.0.9 httpx-0.28.1 idna-3.20 iniconfig-2.3.0 jsonschema-4.26.0 jsonschema-path-0.5.0 jsonschema-specifications-2025.9.1 lazy-object-proxy-1.12.0 openapi-schema-validator-0.9.0 openapi-spec-validator-0.9.0 opentelemetry-api-1.45.0 packaging-26.3 pathable-0.6.0 pillow-12.3.0 pluggy-1.6.0 psycopg-3.3.6 psycopg-binary-3.3.6 pycparser-3.0 pydantic-2.13.5 pydantic-settings-2.15.0 pydantic_core-2.46.5 pypdfium2-5.14.0 pyproject_hooks-1.3.3 pytest-9.1.1 python-dotenv-1.2.3 referencing-0.37.0 reportlab-5.0.1 rfc3339-validator-0.1.4 rpds-py-2026.6.3 ruff-0.16.10 setuptools-84.0.0 six-1.17.0 starlette-1.7.0 typing-inspection-0.4.4 typing_extensions-4.16.0 tzdata-2026.4 uvicorn-0.54.0 wheel-0.48.0 wms-lan-0.1.0 zxing-cpp-3.1.1
No broken requirements found.
{"event":"release_verified","ok":true}
